// Jest Snapshot v1, https://goo.gl/fbAQLP

exports[`tomo (no command or terms) 1`] = `
"
 ┌────────────────────┐
 │ [33m[1mUNDER CONSTRUCTION[22m[39m │
 └────────────────────┘
"
`;
